Reading netlist file: "D:\fyeshi\project\quantum\quantum server\rtl\impl\gwsynthesis\bdh_accelerator.vg"
Parsing netlist file "D:\fyeshi\project\quantum\quantum server\rtl\impl\gwsynthesis\bdh_accelerator.vg" completed
Processing netlist completed
Reading constraint file: "D:\fyeshi\project\quantum\quantum server\rtl\tang_nano_9k.cst"
Physical Constraint parsed completed
Running placement......
[10%] Placement Phase 0 completed
[20%] Placement Phase 1 completed
[30%] Placement Phase 2 completed
WARN  (TA1132) :  'clk' was determined to be a clock but was not created.
[50%] Placement Phase 3 completed
Running routing......
[60%] Routing Phase 0 completed
[70%] Routing Phase 1 completed
[80%] Routing Phase 2 completed
[90%] Routing Phase 3 completed
Running timing analysis......
[95%] Timing analysis completed
Placement and routing completed
Bitstream generation in progress......
Bitstream generation completed
Running power analysis......
[100%] Power analysis completed
Generate file "D:\fyeshi\project\quantum\quantum server\rtl\impl\pnr\bdh_accelerator.power.html" completed
Generate file "D:\fyeshi\project\quantum\quantum server\rtl\impl\pnr\bdh_accelerator.pin.html" completed
Generate file "D:\fyeshi\project\quantum\quantum server\rtl\impl\pnr\bdh_accelerator.rpt.html" completed
Generate file "D:\fyeshi\project\quantum\quantum server\rtl\impl\pnr\bdh_accelerator.rpt.txt" completed
Generate file "D:\fyeshi\project\quantum\quantum server\rtl\impl\pnr\bdh_accelerator.tr.html" completed
Fri Aug 14 10:30:37 2026

