GowinSynthesis start
Running parser ...
Analyzing Verilog file 'D:\fyeshi\project\quantum\quantum server\rtl\top.v'
Analyzing Verilog file 'D:\fyeshi\project\quantum\quantum server\rtl\bdh_led_chaser.v'
Analyzing Verilog file 'D:\fyeshi\project\quantum\quantum server\rtl\bdh_fsm.v'
Analyzing Verilog file 'D:\fyeshi\project\quantum\quantum server\rtl\bdh_mac_dsp.v'
Analyzing Verilog file 'D:\fyeshi\project\quantum\quantum server\rtl\bdh_zero_skipper.v'
Analyzing Verilog file 'D:\fyeshi\project\quantum\quantum server\rtl\uart_rx.v'
Analyzing Verilog file 'D:\fyeshi\project\quantum\quantum server\rtl\uart_tx.v'
Compiling module 'top'("D:\fyeshi\project\quantum\quantum server\rtl\top.v":3)
Compiling module 'uart_rx'("D:\fyeshi\project\quantum\quantum server\rtl\uart_rx.v":3)
Compiling module 'uart_tx'("D:\fyeshi\project\quantum\quantum server\rtl\uart_tx.v":3)
Compiling module 'bdh_mac_dsp'("D:\fyeshi\project\quantum\quantum server\rtl\bdh_mac_dsp.v":3)
Compiling module 'bdh_zero_skipper'("D:\fyeshi\project\quantum\quantum server\rtl\bdh_zero_skipper.v":3)
Compiling module 'bdh_fsm'("D:\fyeshi\project\quantum\quantum server\rtl\bdh_fsm.v":3)
Compiling module 'bdh_led_chaser'("D:\fyeshi\project\quantum\quantum server\rtl\bdh_led_chaser.v":3)
NOTE  (EX0101) : Current top module is "top"
[5%] Running netlist conversion ...
Running device independent optimization ...
[10%] Optimizing Phase 0 completed
[15%] Optimizing Phase 1 completed
[25%] Optimizing Phase 2 completed
Running inference ...
[30%] Inferring Phase 0 completed
[40%] Inferring Phase 1 completed
[50%] Inferring Phase 2 completed
[55%] Inferring Phase 3 completed
Running technical mapping ...
[60%] Tech-Mapping Phase 0 completed
[65%] Tech-Mapping Phase 1 completed
[75%] Tech-Mapping Phase 2 completed
[80%] Tech-Mapping Phase 3 completed
[90%] Tech-Mapping Phase 4 completed
WARN  (NL0002) : The module "bdh_zero_skipper" instantiated to "zero_skipper_inst" is swept in optimizing("D:\fyeshi\project\quantum\quantum server\rtl\top.v":74)
[95%] Generate netlist file "D:\fyeshi\project\quantum\quantum server\rtl\impl\gwsynthesis\bdh_accelerator.vg" completed
[100%] Generate report file "D:\fyeshi\project\quantum\quantum server\rtl\impl\gwsynthesis\bdh_accelerator_syn.rpt.html" completed
GowinSynthesis finish
